
> frontend@0.1.0 build
> next build

node.exe : ÔÜá 
Warning: Next.js 
inferred your 
workspace root, but 
it may not be correct.
At C:\Program Files\no
dejs\npm.ps1:29 char:3
+   & $NODE_EXE 
$NPM_CLI_JS $args
+   ~~~~~~~~~~~~~~~~~~
~~~~~~~~~~~
    + CategoryInfo    
          : NotSpeci  
  fied: (ÔÜá Warnin   
 g: Ne...not be co    
rrect.:String) []    
, RemoteException
    + FullyQualifiedE 
   rrorId : NativeCo  
  mmandError
 
 We detected multiple 
lockfiles and 
selected the 
directory of C:\Users\
Walaa\package-lock.jso
n as the root 
directory.
 To silence this 
warning, set 
`turbopack.root` in 
your Next.js config, 
or consider removing 
one of the lockfiles 
if it's not needed.
   See https://nextjs.
org/docs/app/api-refer
ence/config/next-confi
g-js/turbopack#root-di
rectory for more 
information.
 Detected additional 
lockfiles: 
   * C:\Users\Walaa\On
eDrive\Desktop\DJANGOD
octorApppointment\fron
tend\package-lock.json

Ôû▓ Next.js 16.1.6 (Turbopack)

  Creating an optimized production build ...

> Build error occurred
Error: Turbopack 
build failed with 5 
errors:
./OneDrive/Desktop/DJA
NGODoctorApppointment/
frontend/node_modules/
react-day-picker/dist/
esm/classes/DateLib.js
:2:1
Module not found: 
Can't resolve 
'date-fns'
[0m [90m 1 |[39m 
[36mimport[39m { 
[33mTZDate[39m } 
[36mfrom[39m [32m"@
date-fns/tz"[39m[33m
;[39m
[31m[1m>[22m[39m[
90m 2 |[39m 
[36mimport[39m { 
addDays[33m,[39m 
addMonths[33m,[39m 
addWeeks[33m,[39m 
addYears[33m,[39m di
fferenceInCalendarDays
[33m,[39m difference
InCalendarMonths[33m,
[39m eachMonthOfInter
val[33m,[39m eachYea
rOfInterval[33m,[39m
 endOfISOWeek[33m,[3
9m 
endOfMonth[33m,[39m 
endOfWeek[33m,[39m 
endOfYear[33m,[39m 
format[33m,[39m 
getISOWeek[33m,[39m 
getMonth[33m,[39m 
getWeek[33m,[39m 
getYear[33m,[39m 
isAfter[33m,[39m 
isBefore[33m,[39m 
isDate[33m,[39m 
isSameDay[33m,[39m i
sSameMonth[33m,[39m 
isSameYear[33m,[39m 
max[33m,[39m 
min[33m,[39m 
setMonth[33m,[39m 
setYear[33m,[39m 
startOfDay[33m,[39m 
startOfISOWeek[33m,[
39m startOfMonth[33m,
[39m startOfWeek[33m
,[39m startOfYear[33
m,[39m } 
[36mfrom[39m [32m"d
ate-fns"[39m[33m;[3
9m
 [90m   |[39m [31m
[1m^[22m[39m[31m[1
m^[22m[39m[31m[1m^
[22m[39m[31m[1m^[
22m[39m[31m[1m^[22
m[39m[31m[1m^[22m
[39m[31m[1m^[22m[3
9m[31m[1m^[22m[39m
[31m[1m^[22m[39m[
31m[1m^[22m[39m[31
m[1m^[22m[39m[31m
[1m^[22m[39m[31m[1
m^[22m[39m[31m[1m^
[22m[39m[31m[1m^[
22m[39m[31m[1m^[22
m[39m[31m[1m^[22m
[39m[31m[1m^[22m[3
9m[31m[1m^[22m[39m
[31m[1m^[22m[39m[
31m[1m^[22m[39m[31
m[1m^[22m[39m[31m
[1m^[22m[39m[31m[1
m^[22m[39m[31m[1m^
[22m[39m[31m[1m^[
22m[39m[31m[1m^[22
m[39m[31m[1m^[22m
[39m[31m[1m^[22m[3
9m[31m[1m^[22m[39m
[31m[1m^[22m[39m[
31m[1m^[22m[39m[31
m[1m^[22m[39m[31m
[1m^[22m[39m[31m[1
m^[22m[39m[31m[1m^
[22m[39m[31m[1m^[
22m[39m[31m[1m^[22
m[39m[31m[1m^[22m
[39m[31m[1m^[22m[3
9m[31m[1m^[22m[39m
[31m[1m^[22m[39m[
31m[1m^[22m[39m[31
m[1m^[22m[39m[31m
[1m^[22m[39m[31m[1
m^[22m[39m[31m[1m^
[22m[39m[31m[1m^[
22m[39m[31m[1m^[22
m[39m[31m[1m^[22m
[39m[31m[1m^[22m[3
9m[31m[1m^[22m[39m
[31m[1m^[22m[39m[
31m[1m^[22m[39m[31
m[1m^[22m[39m[31m
[1m^[22m[39m[31m[1
m^[22m[39m[31m[1m^
[22m[39m[31m[1m^[
22m[39m[31m[1m^[22
m[39m[31m[1m^[22m
[39m[31m[1m^[22m[3
9m[31m[1m^[22m[39m
[31m[1m^[22m[39m[
31m[1m^[22m[39m[31
m[1m^[22m[39m[31m
[1m^[22m[39m[31m[1
m^[22m[39m[31m[1m^
[22m[39m[31m[1m^[
22m[39m[31m[1m^[22
m[39m[31m[1m^[22m
[39m[31m[1m^[22m[3
9m[31m[1m^[22m[39m
[31m[1m^[22m[39m[
31m[1m^[22m[39m[31
m[1m^[22m[39m[31m
[1m^[22m[39m[31m[1
m^[22m[39m[31m[1m^
[22m[39m[31m[1m^[
22m[39m[31m[1m^[22
m[39m[31m[1m^[22m
[39m[31m[1m^[22m[3
9m[31m[1m^[22m[39m
[31m[1m^[22m[39m[
31m[1m^[22m[39m[31
m[1m^[22m[39m[31m
[1m^[22m[39m[31m[1
m^[22m[39m[31m[1m^
[22m[39m[31m[1m^[
22m[39m[31m[1m^[22
m[39m[31m[1m^[22m
[39m[31m[1m^[22m[3
9m[31m[1m^[22m[39m
[31m[1m^[22m[39m[
31m[1m^[22m[39m[31
m[1m^[22m[39m[31m
[1m^[22m[39m[31m[1
m^[22m[39m[31m[1m^
[22m[39m[31m[1m^[
22m[39m[31m[1m^[22
m[39m[31m[1m^[22m
[39m[31m[1m^[22m[3
9m[31m[1m^[22m[39m
[31m[1m^[22m[39m[
31m[1m^[22m[39m[31
m[1m^[22m[39m[31m
[1m^[22m[39m[31m[1
m^[22m[39m[31m[1m^
[22m[39m[31m[1m^[
22m[39m[31m[1m^[22
m[39m[31m[1m^[22m
[39m[31m[1m^[22m[3
9m[31m[1m^[22m[39m
[31m[1m^[22m[39m[
31m[1m^[22m[39m[31
m[1m^[22m[39m[31m
[1m^[22m[39m[31m[1
m^[22m[39m[31m[1m^
[22m[39m[31m[1m^[
22m[39m[31m[1m^[22
m[39m[31m[1m^[22m
[39m[31m[1m^[22m[3
9m[31m[1m^[22m[39m
[31m[1m^[22m[39m[
31m[1m^[22m[39m[31
m[1m^[22m[39m[31m
[1m^[22m[39m[31m[1
m^[22m[39m[31m[1m^
[22m[39m[31m[1m^[
22m[39m[31m[1m^[22
m[39m[31m[1m^[22m
[39m[31m[1m^[22m[3
9m[31m[1m^[22m[39m
[31m[1m^[22m[39m[
31m[1m^[22m[39m[31
m[1m^[22m[39m[31m
[1m^[22m[39m[31m[1
m^[22m[39m[31m[1m^
[22m[39m[31m[1m^[
22m[39m[31m[1m^[22
m[39m[31m[1m^[22m
[39m[31m[1m^[22m[3
9m[31m[1m^[22m[39m
[31m[1m^[22m[39m[
31m[1m^[22m[39m[31
m[1m^[22m[39m[31m
[1m^[22m[39m[31m[1
m^[22m[39m[31m[1m^
[22m[39m[31m[1m^[
22m[39m[31m[1m^[22
m[39m[31m[1m^[22m
[39m[31m[1m^[22m[3
9m[31m[1m^[22m[39m
[31m[1m^[22m[39m[
31m[1m^[22m[39m[31
m[1m^[22m[39m[31m
[1m^[22m[39m[31m[1
m^[22m[39m[31m[1m^
[22m[39m[31m[1m^[
22m[39m[31m[1m^[22
m[39m[31m[1m^[22m
[39m[31m[1m^[22m[3
9m[31m[1m^[22m[39m
[31m[1m^[22m[39m[
31m[1m^[22m[39m[31
m[1m^[22m[39m[31m
[1m^[22m[39m[31m[1
m^[22m[39m[31m[1m^
[22m[39m[31m[1m^[
22m[39m[31m[1m^[22
m[39m[31m[1m^[22m
[39m[31m[1m^[22m[3
9m[31m[1m^[22m[39m
[31m[1m^[22m[39m[
31m[1m^[22m[39m[31
m[1m^[22m[39m[31m
[1m^[22m[39m[31m[1
m^[22m[39m[31m[1m^
[22m[39m[31m[1m^[
22m[39m[31m[1m^[22
m[39m[31m[1m^[22m
[39m[31m[1m^[22m[3
9m[31m[1m^[22m[39m
[31m[1m^[22m[39m[
31m[1m^[22m[39m[31
m[1m^[22m[39m[31m
[1m^[22m[39m[31m[1
m^[22m[39m[31m[1m^
[22m[39m[31m[1m^[
22m[39m[31m[1m^[22
m[39m[31m[1m^[22m
[39m[31m[1m^[22m[3
9m[31m[1m^[22m[39m
[31m[1m^[22m[39m[
31m[1m^[22m[39m[31
m[1m^[22m[39m[31m
[1m^[22m[39m[31m[1
m^[22m[39m[31m[1m^
[22m[39m[31m[1m^[
22m[39m[31m[1m^[22
m[39m[31m[1m^[22m
[39m[31m[1m^[22m[3
9m[31m[1m^[22m[39m
[31m[1m^[22m[39m[
31m[1m^[22m[39m[31
m[1m^[22m[39m[31m
[1m^[22m[39m[31m[1
m^[22m[39m[31m[1m^
[22m[39m[31m[1m^[
22m[39m[31m[1m^[22
m[39m[31m[1m^[22m
[39m[31m[1m^[22m[3
9m[31m[1m^[22m[39m
[31m[1m^[22m[39m[
31m[1m^[22m[39m[31
m[1m^[22m[39m[31m
[1m^[22m[39m[31m[1
m^[22m[39m[31m[1m^
[22m[39m[31m[1m^[
22m[39m[31m[1m^[22
m[39m[31m[1m^[22m
[39m[31m[1m^[22m[3
9m[31m[1m^[22m[39m
[31m[1m^[22m[39m[
31m[1m^[22m[39m[31
m[1m^[22m[39m[31m
[1m^[22m[39m[31m[1
m^[22m[39m[31m[1m^
[22m[39m[31m[1m^[
22m[39m[31m[1m^[22
m[39m[31m[1m^[22m
[39m[31m[1m^[22m[3
9m[31m[1m^[22m[39m
[31m[1m^[22m[39m[
31m[1m^[22m[39m[31
m[1m^[22m[39m[31m
[1m^[22m[39m[31m[1
m^[22m[39m[31m[1m^
[22m[39m[31m[1m^[
22m[39m[31m[1m^[22
m[39m[31m[1m^[22m
[39m[31m[1m^[22m[3
9m[31m[1m^[22m[39m
[31m[1m^[22m[39m[
31m[1m^[22m[39m[31
m[1m^[22m[39m[31m
[1m^[22m[39m[31m[1
m^[22m[39m[31m[1m^
[22m[39m[31m[1m^[
22m[39m[31m[1m^[22
m[39m[31m[1m^[22m
[39m[31m[1m^[22m[3
9m[31m[1m^[22m[39m
[31m[1m^[22m[39m[
31m[1m^[22m[39m[31
m[1m^[22m[39m[31m
[1m^[22m[39m[31m[1
m^[22m[39m[31m[1m^
[22m[39m[31m[1m^[
22m[39m[31m[1m^[22
m[39m[31m[1m^[22m
[39m[31m[1m^[22m[3
9m[31m[1m^[22m[39m
[31m[1m^[22m[39m[
31m[1m^[22m[39m[31
m[1m^[22m[39m[31m
[1m^[22m[39m[31m[1
m^[22m[39m[31m[1m^
[22m[39m[31m[1m^[
22m[39m[31m[1m^[22
m[39m[31m[1m^[22m
[39m[31m[1m^[22m[3
9m[31m[1m^[22m[39m
[31m[1m^[22m[39m[
31m[1m^[22m[39m[31
m[1m^[22m[39m[31m
[1m^[22m[39m[31m[1
m^[22m[39m[31m[1m^
[22m[39m[31m[1m^[
22m[39m[31m[1m^[22
m[39m[31m[1m^[22m
[39m[31m[1m^[22m[3
9m[31m[1m^[22m[39m
[31m[1m^[22m[39m[
31m[1m^[22m[39m[31
m[1m^[22m[39m[31m
[1m^[22m[39m[31m[1
m^[22m[39m[31m[1m^
[22m[39m[31m[1m^[
22m[39m[31m[1m^[22
m[39m[31m[1m^[22m
[39m[31m[1m^[22m[3
9m[31m[1m^[22m[39m
[31m[1m^[22m[39m[
31m[1m^[22m[39m[31
m[1m^[22m[39m[31m
[1m^[22m[39m[31m[1
m^[22m[39m[31m[1m^
[22m[39m[31m[1m^[
22m[39m[31m[1m^[22
m[39m[31m[1m^[22m
[39m[31m[1m^[22m[3
9m[31m[1m^[22m[39m
[31m[1m^[22m[39m[
31m[1m^[22m[39m[31
m[1m^[22m[39m[31m
[1m^[22m[39m[31m[1
m^[22m[39m[31m[1m^
[22m[39m[31m[1m^[
22m[39m[31m[1m^[22
m[39m[31m[1m^[22m
[39m[31m[1m^[22m[3
9m[31m[1m^[22m[39m
[31m[1m^[22m[39m[
31m[1m^[22m[39m[31
m[1m^[22m[39m[31m
[1m^[22m[39m[31m[1
m^[22m[39m[31m[1m^
[22m[39m[31m[1m^[
22m[39m[31m[1m^[22
m[39m[31m[1m^[22m
[39m[31m[1m^[22m[3
9m[31m[1m^[22m[39m
[31m[1m^[22m[39m[
31m[1m^[22m[39m[31
m[1m^[22m[39m[31m
[1m^[22m[39m[31m[1
m^[22m[39m[31m[1m^
[22m[39m[31m[1m^[
22m[39m[31m[1m^[22
m[39m[31m[1m^[22m
[39m[31m[1m^[22m[3
9m[31m[1m^[22m[39m
[31m[1m^[22m[39m[
31m[1m^[22m[39m[31
m[1m^[22m[39m[31m
[1m^[22m[39m[31m[1
m^[22m[39m[31m[1m^
[22m[39m[31m[1m^[
22m[39m[31m[1m^[22
m[39m[31m[1m^[22m
[39m[31m[1m^[22m[3
9m[31m[1m^[22m[39m
[31m[1m^[22m[39m[
31m[1m^[22m[39m[31
m[1m^[22m[39m[31m
[1m^[22m[39m[31m[1
m^[22m[39m[31m[1m^
[22m[39m[31m[1m^[
22m[39m[31m[1m^[22
m[39m[31m[1m^[22m
[39m[31m[1m^[22m[3
9m[31m[1m^[22m[39m
[31m[1m^[22m[39m[
31m[1m^[22m[39m[31
m[1m^[22m[39m[31m
[1m^[22m[39m[31m[1
m^[22m[39m[31m[1m^
[22m[39m[31m[1m^[
22m[39m[31m[1m^[22
m[39m[31m[1m^[22m
[39m[31m[1m^[22m[3
9m[31m[1m^[22m[39m
[31m[1m^[22m[39m[
31m[1m^[22m[39m[31
m[1m^[22m[39m[31m
[1m^[22m[39m[31m[1
m^[22m[39m[31m[1m^
[22m[39m[31m[1m^[
22m[39m[31m[1m^[22
m[39m[31m[1m^[22m
[39m[31m[1m^[22m[3
9m[31m[1m^[22m[39m
[31m[1m^[22m[39m[
31m[1m^[22m[39m[31
m[1m^[22m[39m[31m
[1m^[22m[39m[31m[1
m^[22m[39m[31m[1m^
[22m[39m[31m[1m^[
22m[39m[31m[1m^[22
m[39m[31m[1m^[22m
[39m[31m[1m^[22m[3
9m[31m[1m^[22m[39m
[31m[1m^[22m[39m[
31m[1m^[22m[39m[31
m[1m^[22m[39m
 [90m 3 |[39m 
[36mimport[39m { 
endOfBroadcastWeek } 
[36mfrom[39m [32m".
./helpers/endOfBroadca
stWeek.js"[39m[33m;
[39m
 [90m 4 |[39m 
[36mimport[39m { 
startOfBroadcastWeek 
} [36mfrom[39m [32m
"../helpers/startOfBro
adcastWeek.js"[39m[3
3m;[39m
 [90m 5 |[39m 
[36mimport[39m { 
enUS } [36mfrom[39m 
[32m"../locale/en-US.
js"[39m[33m;[39m[0
m



Import traces:
  Client Component 
Browser:
    ./OneDrive/Desktop
/DJANGODoctorApppointm
ent/frontend/node_modu
les/react-day-picker/d
ist/esm/classes/DateLi
b.js [Client 
Component Browser]
    ./OneDrive/Desktop
/DJANGODoctorApppointm
ent/frontend/node_modu
les/react-day-picker/d
ist/esm/DayPicker.js 
[Client Component 
Browser]
    ./OneDrive/Desktop
/DJANGODoctorApppointm
ent/frontend/src/compo
nents/ui/calendar.tsx 
[Client Component 
Browser]
    ./OneDrive/Desktop
/DJANGODoctorApppointm
ent/frontend/src/compo
nents/booking-modal.ts
x [Client Component 
Browser]
    ./OneDrive/Desktop
/DJANGODoctorApppointm
ent/frontend/src/app/p
age.tsx [Client 
Component Browser]
    ./OneDrive/Desktop
/DJANGODoctorApppointm
ent/frontend/src/app/p
age.tsx [Server 
Component]

  Client Component 
SSR:
    ./OneDrive/Desktop
/DJANGODoctorApppointm
ent/frontend/node_modu
les/react-day-picker/d
ist/esm/classes/DateLi
b.js [Client 
Component SSR]
    ./OneDrive/Desktop
/DJANGODoctorApppointm
ent/frontend/node_modu
les/react-day-picker/d
ist/esm/DayPicker.js 
[Client Component SSR]
    ./OneDrive/Desktop
/DJANGODoctorApppointm
ent/frontend/src/compo
nents/ui/calendar.tsx 
[Client Component SSR]
    ./OneDrive/Desktop
/DJANGODoctorApppointm
ent/frontend/src/compo
nents/booking-modal.ts
x [Client Component 
SSR]
    ./OneDrive/Desktop
/DJANGODoctorApppointm
ent/frontend/src/app/p
age.tsx [Client 
Component SSR]
    ./OneDrive/Desktop
/DJANGODoctorApppointm
ent/frontend/src/app/p
age.tsx [Server 
Component]

https://nextjs.org/doc
s/messages/module-not-
found


./OneDrive/Desktop/DJA
NGODoctorApppointment/
frontend/node_modules/
react-day-picker/dist/
esm/locale/en-US.js:1:
1
Module not found: 
Can't resolve 
'date-fns'
[0m[31m[1m>[22m[3
9m[90m 1 |[39m 
[36mimport[39m { 
format } 
[36mfrom[39m [32m"d
ate-fns"[39m[33m;[3
9m
 [90m   |[39m [31m
[1m^[22m[39m[31m[1
m^[22m[39m[31m[1m^
[22m[39m[31m[1m^[
22m[39m[31m[1m^[22
m[39m[31m[1m^[22m
[39m[31m[1m^[22m[3
9m[31m[1m^[22m[39m
[31m[1m^[22m[39m[
31m[1m^[22m[39m[31
m[1m^[22m[39m[31m
[1m^[22m[39m[31m[1
m^[22m[39m[31m[1m^
[22m[39m[31m[1m^[
22m[39m[31m[1m^[22
m[39m[31m[1m^[22m
[39m[31m[1m^[22m[3
9m[31m[1m^[22m[39m
[31m[1m^[22m[39m[
31m[1m^[22m[39m[31
m[1m^[22m[39m[31m
[1m^[22m[39m[31m[1
m^[22m[39m[31m[1m^
[22m[39m[31m[1m^[
22m[39m[31m[1m^[22
m[39m[31m[1m^[22m
[39m[31m[1m^[22m[3
9m[31m[1m^[22m[39m
[31m[1m^[22m[39m[
31m[1m^[22m[39m[31
m[1m^[22m[39m[31m
[1m^[22m[39m
 [90m 2 |[39m 
[36mimport[39m { 
enUS [36mas[39m 
dateFnsEnUS } 
[36mfrom[39m [32m"d
ate-fns/locale"[39m[
33m;[39m
 [90m 3 |[39m 
[90m/** English 
(United States) 
locale extended with 
DayPicker-specific 
translations. */[39m
 [90m 4 |[39m 
[36mexport[39m 
[36mconst[39m enUS 
[33m=[39m {[0m



Import traces:
  Client Component 
Browser:
    ./OneDrive/Desktop
/DJANGODoctorApppointm
ent/frontend/node_modu
les/react-day-picker/d
ist/esm/locale/en-US.j
s [Client Component 
Browser]
    ./OneDrive/Desktop
/DJANGODoctorApppointm
ent/frontend/node_modu
les/react-day-picker/d
ist/esm/DayPicker.js 
[Client Component 
Browser]
    ./OneDrive/Desktop
/DJANGODoctorApppointm
ent/frontend/src/compo
nents/ui/calendar.tsx 
[Client Component 
Browser]
    ./OneDrive/Desktop
/DJANGODoctorApppointm
ent/frontend/src/compo
nents/booking-modal.ts
x [Client Component 
Browser]
    ./OneDrive/Desktop
/DJANGODoctorApppointm
ent/frontend/src/app/p
age.tsx [Client 
Component Browser]
    ./OneDrive/Desktop
/DJANGODoctorApppointm
ent/frontend/src/app/p
age.tsx [Server 
Component]

  Client Component 
SSR:
    ./OneDrive/Desktop
/DJANGODoctorApppointm
ent/frontend/node_modu
les/react-day-picker/d
ist/esm/locale/en-US.j
s [Client Component 
SSR]
    ./OneDrive/Desktop
/DJANGODoctorApppointm
ent/frontend/node_modu
les/react-day-picker/d
ist/esm/DayPicker.js 
[Client Component SSR]
    ./OneDrive/Desktop
/DJANGODoctorApppointm
ent/frontend/src/compo
nents/ui/calendar.tsx 
[Client Component SSR]
    ./OneDrive/Desktop
/DJANGODoctorApppointm
ent/frontend/src/compo
nents/booking-modal.ts
x [Client Component 
SSR]
    ./OneDrive/Desktop
/DJANGODoctorApppointm
ent/frontend/src/app/p
age.tsx [Client 
Component SSR]
    ./OneDrive/Desktop
/DJANGODoctorApppointm
ent/frontend/src/app/p
age.tsx [Server 
Component]

https://nextjs.org/doc
s/messages/module-not-
found


./OneDrive/Desktop/DJA
NGODoctorApppointment/
frontend/node_modules/
react-day-picker/dist/
esm/noonDateLib.js:2:1
Module not found: 
Can't resolve 
'date-fns'
[0m [90m 1 |[39m 
[36mimport[39m { 
[33mTZDate[39m } 
[36mfrom[39m [32m"@
date-fns/tz"[39m[33m
;[39m
[31m[1m>[22m[39m[
90m 2 |[39m 
[36mimport[39m { dif
ferenceInCalendarDays 
[36mas[39m differenc
eInCalendarDaysFn[33m
,[39m differenceInCal
endarMonths 
[36mas[39m differenc
eInCalendarMonthsFn[3
3m,[39m getISOWeek 
[36mas[39m getISOWee
kFn[33m,[39m 
getWeek [36mas[39m 
getWeekFn[33m,[39m 
} [36mfrom[39m [32m
"date-fns"[39m[33m;
[39m
 [90m   |[39m [31m
[1m^[22m[39m[31m[1
m^[22m[39m[31m[1m^
[22m[39m[31m[1m^[
22m[39m[31m[1m^[22
m[39m[31m[1m^[22m
[39m[31m[1m^[22m[3
9m[31m[1m^[22m[39m
[31m[1m^[22m[39m[
31m[1m^[22m[39m[31
m[1m^[22m[39m[31m
[1m^[22m[39m[31m[1
m^[22m[39m[31m[1m^
[22m[39m[31m[1m^[
22m[39m[31m[1m^[22
m[39m[31m[1m^[22m
[39m[31m[1m^[22m[3
9m[31m[1m^[22m[39m
[31m[1m^[22m[39m[
31m[1m^[22m[39m[31
m[1m^[22m[39m[31m
[1m^[22m[39m[31m[1
m^[22m[39m[31m[1m^
[22m[39m[31m[1m^[
22m[39m[31m[1m^[22
m[39m[31m[1m^[22m
[39m[31m[1m^[22m[3
9m[31m[1m^[22m[39m
[31m[1m^[22m[39m[
31m[1m^[22m[39m[31
m[1m^[22m[39m[31m
[1m^[22m[39m[31m[1
m^[22m[39m[31m[1m^
[22m[39m[31m[1m^[
22m[39m[31m[1m^[22
m[39m[31m[1m^[22m
[39m[31m[1m^[22m[3
9m[31m[1m^[22m[39m
[31m[1m^[22m[39m[
31m[1m^[22m[39m[31
m[1m^[22m[39m[31m
[1m^[22m[39m[31m[1
m^[22m[39m[31m[1m^
[22m[39m[31m[1m^[
22m[39m[31m[1m^[22
m[39m[31m[1m^[22m
[39m[31m[1m^[22m[3
9m[31m[1m^[22m[39m
[31m[1m^[22m[39m[
31m[1m^[22m[39m[31
m[1m^[22m[39m[31m
[1m^[22m[39m[31m[1
m^[22m[39m[31m[1m^
[22m[39m[31m[1m^[
22m[39m[31m[1m^[22
m[39m[31m[1m^[22m
[39m[31m[1m^[22m[3
9m[31m[1m^[22m[39m
[31m[1m^[22m[39m[
31m[1m^[22m[39m[31
m[1m^[22m[39m[31m
[1m^[22m[39m[31m[1
m^[22m[39m[31m[1m^
[22m[39m[31m[1m^[
22m[39m[31m[1m^[22
m[39m[31m[1m^[22m
[39m[31m[1m^[22m[3
9m[31m[1m^[22m[39m
[31m[1m^[22m[39m[
31m[1m^[22m[39m[31
m[1m^[22m[39m[31m
[1m^[22m[39m[31m[1
m^[22m[39m[31m[1m^
[22m[39m[31m[1m^[
22m[39m[31m[1m^[22
m[39m[31m[1m^[22m
[39m[31m[1m^[22m[3
9m[31m[1m^[22m[39m
[31m[1m^[22m[39m[
31m[1m^[22m[39m[31
m[1m^[22m[39m[31m
[1m^[22m[39m[31m[1
m^[22m[39m[31m[1m^
[22m[39m[31m[1m^[
22m[39m[31m[1m^[22
m[39m[31m[1m^[22m
[39m[31m[1m^[22m[3
9m[31m[1m^[22m[39m
[31m[1m^[22m[39m[
31m[1m^[22m[39m[31
m[1m^[22m[39m[31m
[1m^[22m[39m[31m[1
m^[22m[39m[31m[1m^
[22m[39m[31m[1m^[
22m[39m[31m[1m^[22
m[39m[31m[1m^[22m
[39m[31m[1m^[22m[3
9m[31m[1m^[22m[39m
[31m[1m^[22m[39m[
31m[1m^[22m[39m[31
m[1m^[22m[39m[31m
[1m^[22m[39m[31m[1
m^[22m[39m[31m[1m^
[22m[39m[31m[1m^[
22m[39m[31m[1m^[22
m[39m[31m[1m^[22m
[39m[31m[1m^[22m[3
9m[31m[1m^[22m[39m
[31m[1m^[22m[39m[
31m[1m^[22m[39m[31
m[1m^[22m[39m[31m
[1m^[22m[39m[31m[1
m^[22m[39m[31m[1m^
[22m[39m[31m[1m^[
22m[39m[31m[1m^[22
m[39m[31m[1m^[22m
[39m[31m[1m^[22m[3
9m[31m[1m^[22m[39m
[31m[1m^[22m[39m[
31m[1m^[22m[39m[31
m[1m^[22m[39m[31m
[1m^[22m[39m[31m[1
m^[22m[39m[31m[1m^
[22m[39m[31m[1m^[
22m[39m[31m[1m^[22
m[39m[31m[1m^[22m
[39m[31m[1m^[22m[3
9m[31m[1m^[22m[39m
[31m[1m^[22m[39m[
31m[1m^[22m[39m[31
m[1m^[22m[39m[31m
[1m^[22m[39m[31m[1
m^[22m[39m[31m[1m^
[22m[39m[31m[1m^[
22m[39m[31m[1m^[22
m[39m[31m[1m^[22m
[39m[31m[1m^[22m[3
9m[31m[1m^[22m[39m
[31m[1m^[22m[39m[
31m[1m^[22m[39m[31
m[1m^[22m[39m[31m
[1m^[22m[39m[31m[1
m^[22m[39m[31m[1m^
[22m[39m[31m[1m^[
22m[39m[31m[1m^[22
m[39m[31m[1m^[22m
[39m[31m[1m^[22m[3
9m[31m[1m^[22m[39m
[31m[1m^[22m[39m[
31m[1m^[22m[39m[31
m[1m^[22m[39m[31m
[1m^[22m[39m[31m[1
m^[22m[39m[31m[1m^
[22m[39m[31m[1m^[
22m[39m[31m[1m^[22
m[39m[31m[1m^[22m
[39m[31m[1m^[22m[3
9m[31m[1m^[22m[39m
[31m[1m^[22m[39m[
31m[1m^[22m[39m[31
m[1m^[22m[39m[31m
[1m^[22m[39m[31m[1
m^[22m[39m[31m[1m^
[22m[39m[31m[1m^[
22m[39m[31m[1m^[22
m[39m[31m[1m^[22m
[39m[31m[1m^[22m[3
9m[31m[1m^[22m[39m
[31m[1m^[22m[39m[
31m[1m^[22m[39m[31
m[1m^[22m[39m[31m
[1m^[22m[39m[31m[1
m^[22m[39m[31m[1m^
[22m[39m[31m[1m^[
22m[39m[31m[1m^[22
m[39m[31m[1m^[22m
[39m
 [90m 3 |[39m 
[90m/**[39m
 [90m 4 |[39m [90m 
* Creates `dateLib` 
overrides that keep 
all calendar math at 
noon in the 
target[39m
 [90m 5 |[39m [90m 
* time zone. This 
avoids second-level 
offset changes (e.g., 
historical 
zones[39m[0m



Import traces:
  Client Component 
Browser:
    ./OneDrive/Desktop
/DJANGODoctorApppointm
ent/frontend/node_modu
les/react-day-picker/d
ist/esm/noonDateLib.js
 [Client Component 
Browser]
    ./OneDrive/Desktop
/DJANGODoctorApppointm
ent/frontend/node_modu
les/react-day-picker/d
ist/esm/DayPicker.js 
[Client Component 
Browser]
    ./OneDrive/Desktop
/DJANGODoctorApppointm
ent/frontend/src/compo
nents/ui/calendar.tsx 
[Client Component 
Browser]
    ./OneDrive/Desktop
/DJANGODoctorApppointm
ent/frontend/src/compo
nents/booking-modal.ts
x [Client Component 
Browser]
    ./OneDrive/Desktop
/DJANGODoctorApppointm
ent/frontend/src/app/p
age.tsx [Client 
Component Browser]
    ./OneDrive/Desktop
/DJANGODoctorApppointm
ent/frontend/src/app/p
age.tsx [Server 
Component]

  Client Component 
SSR:
    ./OneDrive/Desktop
/DJANGODoctorApppointm
ent/frontend/node_modu
les/react-day-picker/d
ist/esm/noonDateLib.js
 [Client Component 
SSR]
    ./OneDrive/Desktop
/DJANGODoctorApppointm
ent/frontend/node_modu
les/react-day-picker/d
ist/esm/DayPicker.js 
[Client Component SSR]
    ./OneDrive/Desktop
/DJANGODoctorApppointm
ent/frontend/src/compo
nents/ui/calendar.tsx 
[Client Component SSR]
    ./OneDrive/Desktop
/DJANGODoctorApppointm
ent/frontend/src/compo
nents/booking-modal.ts
x [Client Component 
SSR]
    ./OneDrive/Desktop
/DJANGODoctorApppointm
ent/frontend/src/app/p
age.tsx [Client 
Component SSR]
    ./OneDrive/Desktop
/DJANGODoctorApppointm
ent/frontend/src/app/p
age.tsx [Server 
Component]

https://nextjs.org/doc
s/messages/module-not-
found


./OneDrive/Desktop/DJA
NGODoctorApppointment/
frontend/src/component
s/booking-modal.tsx:4:
1
Module not found: 
Can't resolve 
'date-fns'
[0m [90m 2 |[39m
 [90m 3 |[39m 
[36mimport[39m { 
useState[33m,[39m 
useEffect } 
[36mfrom[39m [32m"r
eact"[39m[33m;[39m
[31m[1m>[22m[39m[
90m 4 |[39m 
[36mimport[39m { 
format } 
[36mfrom[39m [32m"d
ate-fns"[39m[33m;[3
9m
 [90m   |[39m [31m
[1m^[22m[39m[31m[1
m^[22m[39m[31m[1m^
[22m[39m[31m[1m^[
22m[39m[31m[1m^[22
m[39m[31m[1m^[22m
[39m[31m[1m^[22m[3
9m[31m[1m^[22m[39m
[31m[1m^[22m[39m[
31m[1m^[22m[39m[31
m[1m^[22m[39m[31m
[1m^[22m[39m[31m[1
m^[22m[39m[31m[1m^
[22m[39m[31m[1m^[
22m[39m[31m[1m^[22
m[39m[31m[1m^[22m
[39m[31m[1m^[22m[3
9m[31m[1m^[22m[39m
[31m[1m^[22m[39m[
31m[1m^[22m[39m[31
m[1m^[22m[39m[31m
[1m^[22m[39m[31m[1
m^[22m[39m[31m[1m^
[22m[39m[31m[1m^[
22m[39m[31m[1m^[22
m[39m[31m[1m^[22m
[39m[31m[1m^[22m[3
9m[31m[1m^[22m[39m
[31m[1m^[22m[39m[
31m[1m^[22m[39m[31
m[1m^[22m[39m[31m
[1m^[22m[39m
 [90m 5 |[39m 
[36mimport[39m { 
[33mCalendar[39m 
[36mas[39m [33mCale
ndarIcon[39m[33m,[3
9m [33mClock[39m[33
m,[39m [33mCheckCirc
le2[39m } 
[36mfrom[39m [32m"l
ucide-react"[39m[33m
;[39m
 [90m 6 |[39m 
[36mimport[39m { cn 
} [36mfrom[39m [32m
"@/lib/utils"[39m[33
m;[39m
 [90m 7 |[39m 
[36mimport[39m { 
[33mButton[39m } 
[36mfrom[39m [32m"@
/components/ui/button"
[39m[33m;[39m[0m



Import traces:
  Client Component 
Browser:
    ./OneDrive/Desktop
/DJANGODoctorApppointm
ent/frontend/src/compo
nents/booking-modal.ts
x [Client Component 
Browser]
    ./OneDrive/Desktop
/DJANGODoctorApppointm
ent/frontend/src/app/p
age.tsx [Client 
Component Browser]
    ./OneDrive/Desktop
/DJANGODoctorApppointm
ent/frontend/src/app/p
age.tsx [Server 
Component]

  Client Component 
SSR:
    ./OneDrive/Desktop
/DJANGODoctorApppointm
ent/frontend/src/compo
nents/booking-modal.ts
x [Client Component 
SSR]
    ./OneDrive/Desktop
/DJANGODoctorApppointm
ent/frontend/src/app/p
age.tsx [Client 
Component SSR]
    ./OneDrive/Desktop
/DJANGODoctorApppointm
ent/frontend/src/app/p
age.tsx [Server 
Component]

https://nextjs.org/doc
s/messages/module-not-
found


./OneDrive/Desktop/DJA
NGODoctorApppointment/
frontend/node_modules/
react-day-picker/dist/
esm/locale/en-US.js:2:
1
Module not found: 
Can't resolve 
'date-fns/locale'
[0m [90m 1 |[39m 
[36mimport[39m { 
format } 
[36mfrom[39m [32m"d
ate-fns"[39m[33m;[3
9m
[31m[1m>[22m[39m[
90m 2 |[39m 
[36mimport[39m { 
enUS [36mas[39m 
dateFnsEnUS } 
[36mfrom[39m [32m"d
ate-fns/locale"[39m[
33m;[39m
 [90m   |[39m [31m
[1m^[22m[39m[31m[1
m^[22m[39m[31m[1m^
[22m[39m[31m[1m^[
22m[39m[31m[1m^[22
m[39m[31m[1m^[22m
[39m[31m[1m^[22m[3
9m[31m[1m^[22m[39m
[31m[1m^[22m[39m[
31m[1m^[22m[39m[31
m[1m^[22m[39m[31m
[1m^[22m[39m[31m[1
m^[22m[39m[31m[1m^
[22m[39m[31m[1m^[
22m[39m[31m[1m^[22
m[39m[31m[1m^[22m
[39m[31m[1m^[22m[3
9m[31m[1m^[22m[39m
[31m[1m^[22m[39m[
31m[1m^[22m[39m[31
m[1m^[22m[39m[31m
[1m^[22m[39m[31m[1
m^[22m[39m[31m[1m^
[22m[39m[31m[1m^[
22m[39m[31m[1m^[22
m[39m[31m[1m^[22m
[39m[31m[1m^[22m[3
9m[31m[1m^[22m[39m
[31m[1m^[22m[39m[
31m[1m^[22m[39m[31
m[1m^[22m[39m[31m
[1m^[22m[39m[31m[1
m^[22m[39m[31m[1m^
[22m[39m[31m[1m^[
22m[39m[31m[1m^[22
m[39m[31m[1m^[22m
[39m[31m[1m^[22m[3
9m[31m[1m^[22m[39m
[31m[1m^[22m[39m[
31m[1m^[22m[39m[31
m[1m^[22m[39m[31m
[1m^[22m[39m[31m[1
m^[22m[39m[31m[1m^
[22m[39m[31m[1m^[
22m[39m[31m[1m^[22
m[39m[31m[1m^[22m
[39m[31m[1m^[22m[3
9m[31m[1m^[22m[39m
[31m[1m^[22m[39m[
31m[1m^[22m[39m
 [90m 3 |[39m 
[90m/** English 
(United States) 
locale extended with 
DayPicker-specific 
translations. */[39m
 [90m 4 |[39m 
[36mexport[39m 
[36mconst[39m enUS 
[33m=[39m {
 [90m 5 |[39m     [
33m...[39mdateFnsEnUS
[33m,[39m[0m



Import traces:
  Client Component 
Browser:
    ./OneDrive/Desktop
/DJANGODoctorApppointm
ent/frontend/node_modu
les/react-day-picker/d
ist/esm/locale/en-US.j
s [Client Component 
Browser]
    ./OneDrive/Desktop
/DJANGODoctorApppointm
ent/frontend/node_modu
les/react-day-picker/d
ist/esm/DayPicker.js 
[Client Component 
Browser]
    ./OneDrive/Desktop
/DJANGODoctorApppointm
ent/frontend/src/compo
nents/ui/calendar.tsx 
[Client Component 
Browser]
    ./OneDrive/Desktop
/DJANGODoctorApppointm
ent/frontend/src/compo
nents/booking-modal.ts
x [Client Component 
Browser]
    ./OneDrive/Desktop
/DJANGODoctorApppointm
ent/frontend/src/app/p
age.tsx [Client 
Component Browser]
    ./OneDrive/Desktop
/DJANGODoctorApppointm
ent/frontend/src/app/p
age.tsx [Server 
Component]

  Client Component 
SSR:
    ./OneDrive/Desktop
/DJANGODoctorApppointm
ent/frontend/node_modu
les/react-day-picker/d
ist/esm/locale/en-US.j
s [Client Component 
SSR]
    ./OneDrive/Desktop
/DJANGODoctorApppointm
ent/frontend/node_modu
les/react-day-picker/d
ist/esm/DayPicker.js 
[Client Component SSR]
    ./OneDrive/Desktop
/DJANGODoctorApppointm
ent/frontend/src/compo
nents/ui/calendar.tsx 
[Client Component SSR]
    ./OneDrive/Desktop
/DJANGODoctorApppointm
ent/frontend/src/compo
nents/booking-modal.ts
x [Client Component 
SSR]
    ./OneDrive/Desktop
/DJANGODoctorApppointm
ent/frontend/src/app/p
age.tsx [Client 
Component SSR]
    ./OneDrive/Desktop
/DJANGODoctorApppointm
ent/frontend/src/app/p
age.tsx [Server 
Component]

https://nextjs.org/doc
s/messages/module-not-
found


    at <unknown> (http
s://nextjs.org/docs/me
ssages/module-not-foun
d)
    at <unknown> (http
s://nextjs.org/docs/me
ssages/module-not-foun
d)
    at <unknown> (http
s://nextjs.org/docs/me
ssages/module-not-foun
d)
    at <unknown> (./On
eDrive/Desktop/DJANGOD
octorApppointment/fron
tend/src/components/bo
oking-modal.tsx:4:1)
    at <unknown> (http
s://nextjs.org/docs/me
ssages/module-not-foun
d)
    at <unknown> (http
s://nextjs.org/docs/me
ssages/module-not-foun
d)
